/Users/ddt/work/projects/ai_agent/aos-platform-w1-aip/services/aos-api/aos_api/media_set.py:70: UserWarning: Field name "schema" in "MediaSet" shadows an attribute in parent "BaseModel"
  class MediaSet(BaseModel):
/Users/ddt/work/projects/ai_agent/aos-platform-w1-aip/services/aos-api/aos_api/materialized_access_control.py:130: UserWarning: Field name "schema" in "AgentTool" shadows an attribute in parent "BaseModel"
  class AgentTool(BaseModel):
/Users/ddt/work/projects/ai_agent/aos-platform-w1-aip/services/aos-api/aos_api/routers/materialized_access_control.py:83: UserWarning: Field name "schema" in "CreateAgentToolRequest" shadows an attribute in parent "BaseModel"
  class CreateAgentToolRequest(BaseModel):
/Users/ddt/work/projects/ai_agent/aos-platform-w1-aip/services/aos-api/aos_api/aip_logic_dry_run_executor.py:45: UserWarning: Field name "schema" in "_InputConfig" shadows an attribute in parent "_Config"
  class _InputConfig(_Config):
/Users/ddt/work/projects/ai_agent/aos-platform-w1-aip/services/aos-api/aos_api/phase5_pipeline_engine.py:126: UserWarning: Field name "schema" in "Dataset" shadows an attribute in parent "BaseModel"
  class Dataset(BaseModel):
/Users/ddt/work/projects/ai_agent/aos-platform-w1-aip/services/aos-api/aos_api/routers/phase5_datasets.py:31: UserWarning: Field name "schema" in "CreateDatasetRequest" shadows an attribute in parent "BaseModel"
  class CreateDatasetRequest(BaseModel):
{"ts": "2026-08-19T21:17:49.168386+00:00", "level": "info", "service": "aos-api", "logger": "aos-api", "msg": "aos-api_app_created version=0.3.0", "trace_id": "-", "org_id": "-", "project_id": "-"}
{"ts": "2026-08-19T21:17:49.316901+00:00", "level": "debug", "service": "aos-api", "logger": "aos-api.db", "msg": "db_connect host_port_from_env=True", "trace_id": "-", "org_id": "-", "project_id": "-"}
{
  "previewId": "impact-preview-d5ac652a3c094bdcaafc",
  "lifecycle": "draft",
  "readiness": "unknown",
  "blockerCodes": [
    "RESPONSIBILITYPLANREVISION_NOT_FROZEN",
    "IMPACT_REQUIRED_DIMENSION_UNKNOWN"
  ],
  "listCount": 1,
  "taskId": "task-8a8c2131d4e04dc5bb8d"
}
{"ts": "2026-08-19T21:17:49.398303+00:00", "level": "info", "service": "aos-api", "logger": "aos-api.jdbc-connector-runtime", "msg": "Cleaning up JDBC cache: tunnels=0, conns=0", "trace_id": "-", "org_id": "-", "project_id": "-"}
