/Users/ddt/work/projects/ai_agent/aos-platform-w1-aip/services/aos-api/aos_api/media_set.py:70: UserWarning: Field name "schema" in "MediaSet" shadows an attribute in parent "BaseModel"
  class MediaSet(BaseModel):
/Users/ddt/work/projects/ai_agent/aos-platform-w1-aip/services/aos-api/aos_api/materialized_access_control.py:130: UserWarning: Field name "schema" in "AgentTool" shadows an attribute in parent "BaseModel"
  class AgentTool(BaseModel):
/Users/ddt/work/projects/ai_agent/aos-platform-w1-aip/services/aos-api/aos_api/routers/materialized_access_control.py:83: UserWarning: Field name "schema" in "CreateAgentToolRequest" shadows an attribute in parent "BaseModel"
  class CreateAgentToolRequest(BaseModel):
/Users/ddt/work/projects/ai_agent/aos-platform-w1-aip/services/aos-api/aos_api/aip_logic_dry_run_executor.py:45: UserWarning: Field name "schema" in "_InputConfig" shadows an attribute in parent "_Config"
  class _InputConfig(_Config):
/Users/ddt/work/projects/ai_agent/aos-platform-w1-aip/services/aos-api/aos_api/phase5_pipeline_engine.py:126: UserWarning: Field name "schema" in "Dataset" shadows an attribute in parent "BaseModel"
  class Dataset(BaseModel):
/Users/ddt/work/projects/ai_agent/aos-platform-w1-aip/services/aos-api/aos_api/routers/phase5_datasets.py:31: UserWarning: Field name "schema" in "CreateDatasetRequest" shadows an attribute in parent "BaseModel"
  class CreateDatasetRequest(BaseModel):
{"ts": "2026-08-19T21:30:03.615154+00:00", "level": "info", "service": "aos-api", "logger": "aos-api", "msg": "aos-api_app_created version=0.3.0", "trace_id": "-", "org_id": "-", "project_id": "-"}
{"ts": "2026-08-19T21:30:03.618419+00:00", "level": "debug", "service": "aos-api", "logger": "aos-api.db", "msg": "db_connect host_port_from_env=True", "trace_id": "-", "org_id": "-", "project_id": "-"}
{"ts": "2026-08-19T21:30:03.647815+00:00", "level": "debug", "service": "aos-api", "logger": "aos-api.db", "msg": "db_connect host_port_from_env=True", "trace_id": "-", "org_id": "-", "project_id": "-"}
{"ts": "2026-08-19T21:30:03.656685+00:00", "level": "debug", "service": "aos-api", "logger": "aos-api.db", "msg": "db_connect host_port_from_env=True", "trace_id": "-", "org_id": "-", "project_id": "-"}
{"ts": "2026-08-19T21:30:03.670118+00:00", "level": "debug", "service": "aos-api", "logger": "aos-api.db", "msg": "db_connect host_port_from_env=True", "trace_id": "-", "org_id": "-", "project_id": "-"}
{"ts": "2026-08-19T21:30:03.679025+00:00", "level": "debug", "service": "aos-api", "logger": "aos-api.db", "msg": "db_connect host_port_from_env=True", "trace_id": "-", "org_id": "-", "project_id": "-"}
{"ts": "2026-08-19T21:30:03.687212+00:00", "level": "debug", "service": "aos-api", "logger": "aos-api.db", "msg": "db_connect host_port_from_env=True", "trace_id": "-", "org_id": "-", "project_id": "-"}
{"ts": "2026-08-19T21:30:03.695790+00:00", "level": "debug", "service": "aos-api", "logger": "aos-api.db", "msg": "db_connect host_port_from_env=True", "trace_id": "-", "org_id": "-", "project_id": "-"}
{"ts": "2026-08-19T21:30:03.702940+00:00", "level": "debug", "service": "aos-api", "logger": "aos-api.db", "msg": "db_connect host_port_from_env=True", "trace_id": "-", "org_id": "-", "project_id": "-"}
{"ts": "2026-08-19T21:30:03.712904+00:00", "level": "debug", "service": "aos-api", "logger": "aos-api.db", "msg": "db_connect host_port_from_env=True", "trace_id": "-", "org_id": "-", "project_id": "-"}
{"ts": "2026-08-19T21:30:07.511105+00:00", "level": "debug", "service": "aos-api", "logger": "aos-api.db", "msg": "db_connect host_port_from_env=True", "trace_id": "-", "org_id": "-", "project_id": "-"}
{"ts": "2026-08-19T21:30:07.524393+00:00", "level": "debug", "service": "aos-api", "logger": "aos-api.db", "msg": "db_connect host_port_from_env=True", "trace_id": "-", "org_id": "-", "project_id": "-"}
{"ts": "2026-08-19T21:30:07.533961+00:00", "level": "debug", "service": "aos-api", "logger": "aos-api.db", "msg": "db_connect host_port_from_env=True", "trace_id": "-", "org_id": "-", "project_id": "-"}
{"ts": "2026-08-19T21:30:07.541041+00:00", "level": "debug", "service": "aos-api", "logger": "aos-api.db", "msg": "db_connect host_port_from_env=True", "trace_id": "-", "org_id": "-", "project_id": "-"}
{"ts": "2026-08-19T21:30:07.548264+00:00", "level": "debug", "service": "aos-api", "logger": "aos-api.db", "msg": "db_connect host_port_from_env=True", "trace_id": "-", "org_id": "-", "project_id": "-"}
{"ts": "2026-08-19T21:30:07.554993+00:00", "level": "debug", "service": "aos-api", "logger": "aos-api.db", "msg": "db_connect host_port_from_env=True", "trace_id": "-", "org_id": "-", "project_id": "-"}
{"ts": "2026-08-19T21:30:07.561899+00:00", "level": "debug", "service": "aos-api", "logger": "aos-api.db", "msg": "db_connect host_port_from_env=True", "trace_id": "-", "org_id": "-", "project_id": "-"}
{"ts": "2026-08-19T21:30:08.138700+00:00", "level": "debug", "service": "aos-api", "logger": "aos-api.db", "msg": "db_connect host_port_from_env=True", "trace_id": "-", "org_id": "-", "project_id": "-"}
{"ts": "2026-08-19T21:30:08.151474+00:00", "level": "debug", "service": "aos-api", "logger": "aos-api.db", "msg": "db_connect host_port_from_env=True", "trace_id": "-", "org_id": "-", "project_id": "-"}
{"ts": "2026-08-19T21:30:08.159439+00:00", "level": "debug", "service": "aos-api", "logger": "aos-api.db", "msg": "db_connect host_port_from_env=True", "trace_id": "-", "org_id": "-", "project_id": "-"}
{"ts": "2026-08-19T21:30:08.168286+00:00", "level": "debug", "service": "aos-api", "logger": "aos-api.db", "msg": "db_connect host_port_from_env=True", "trace_id": "-", "org_id": "-", "project_id": "-"}
{"ts": "2026-08-19T21:30:08.176082+00:00", "level": "debug", "service": "aos-api", "logger": "aos-api.db", "msg": "db_connect host_port_from_env=True", "trace_id": "-", "org_id": "-", "project_id": "-"}
{"ts": "2026-08-19T21:30:08.183345+00:00", "level": "debug", "service": "aos-api", "logger": "aos-api.db", "msg": "db_connect host_port_from_env=True", "trace_id": "-", "org_id": "-", "project_id": "-"}
{"ts": "2026-08-19T21:30:08.190283+00:00", "level": "debug", "service": "aos-api", "logger": "aos-api.db", "msg": "db_connect host_port_from_env=True", "trace_id": "-", "org_id": "-", "project_id": "-"}
{"ts": "2026-08-19T21:30:08.713784+00:00", "level": "debug", "service": "aos-api", "logger": "aos-api.db", "msg": "db_connect host_port_from_env=True", "trace_id": "-", "org_id": "-", "project_id": "-"}
{"expiresAt": "2026-08-19 21:45:08.713380+00:00", "observationId": "health-agnes-text-qyh-r2-20260819213008713380", "observedAt": "2026-08-19 21:30:08.713380+00:00", "p50LatencyMs": 537, "probeCount": 3, "promptOrAnswerBodiesReported": 0, "providerCalls": 3, "scope": {"orgId": "org-org", "projectId": "dev-project"}, "secretPayloadReadsReported": 0, "status": "PROVIDER_HEALTH_REFRESH_GREEN", "totalTokens": 900}
{"ts": "2026-08-19T21:30:08.750302+00:00", "level": "info", "service": "aos-api", "logger": "aos-api.jdbc-connector-runtime", "msg": "Cleaning up JDBC cache: tunnels=0, conns=0", "trace_id": "-", "org_id": "-", "project_id": "-"}
